// Jest Snapshot v1, https://goo.gl/fbAQLP

exports[`power-or-critical should be vue instance 1`] = `"<div class=\\"container\\"><div class=\\"row justify-center\\"><h1 class=\\"primary--text\\">MH Tools</h1></div> <div class=\\"row justify-center\\"><a>攻撃 or 見切り</a></div></div>"`;
