// Jest Snapshot v1, https://goo.gl/fbAQLP

exports[`ColorTable should be vue instance 1`] = `
<table
  class="color-table"
>
  <caption>
    
    太字 = 合計スキルレベルが同じ範囲での最大期待値
  
  </caption>
   
  <tr>
    <td />
     
    <td>
      A
    </td>
    <td>
      B
    </td>
    <td>
      C
    </td>
  </tr>
   
  <tr>
    <td>
      X
    </td>
     
    <td
      style="background-color: rgb(187, 222, 251); font-weight: bold;"
    >
      
      1
    
    </td>
    <td
      style="background-color: rgb(240, 244, 195);"
    >
      
      2
    
    </td>
    <td
      style="background-color: rgb(248, 187, 208);"
    >
      
      3
    
    </td>
  </tr>
  <tr>
    <td>
      Y
    </td>
     
    <td
      style="background-color: rgb(240, 244, 195); font-weight: bold;"
    >
      
      4
    
    </td>
    <td
      style="background-color: rgb(248, 187, 208);"
    >
      
      5
    
    </td>
    <td
      style="background-color: rgb(187, 222, 251);"
    >
      
      6
    
    </td>
  </tr>
  <tr>
    <td>
      Z
    </td>
     
    <td
      style="background-color: rgb(248, 187, 208); font-weight: bold;"
    >
      
      7
    
    </td>
    <td
      style="background-color: rgb(187, 222, 251); font-weight: bold;"
    >
      
      8
    
    </td>
    <td
      style="background-color: rgb(240, 244, 195); font-weight: bold;"
    >
      
      9
    
    </td>
  </tr>
</table>
`;
